// Vitest Snapshot v1, https://vitest.dev/guide/snapshot.html

exports[`Test para el componente ErrorScreen > match snapshot 1`] = `
<DocumentFragment>
  <section
    aria-atomic="true"
    aria-live="assertive"
    class="error-message"
    role="alert"
  >
    <header
      class="error-message__header"
    >
      <h1
        class="error-message__title"
      >
        Something went wrong
      </h1>
    </header>
    <div
      class="error-message__body"
    >
      <p
        class="error-message__description"
      >
        An unexpected error occurred. Please try again later.
      </p>
    </div>
  </section>
</DocumentFragment>
`;
